2026-03-22 16:36:14,976 | __main__ | | INFO | [upstox_func.<module>:912] | No access token found. Generating new token...
2026-03-22 16:36:14,977 | __main__ | | INFO | [upstox_func.authorization:102] | Authorization initiated
2026-03-22 16:36:14,977 | __main__ | | INFO | [upstox_func.run_simple_server:91] | Local HTTP server listening on http://localhost:5000/callback...
2026-03-22 16:37:12,047 | __main__ | | INFO | [upstox_func.<module>:912] | No access token found. Generating new token...
2026-03-22 16:37:12,048 | __main__ | | INFO | [upstox_func.authorization:102] | Authorization initiated
2026-03-22 16:37:12,049 | __main__ | | INFO | [upstox_func.run_simple_server:91] | Local HTTP server listening on http://localhost:5000/callback...
2026-03-22 16:38:40,047 | __main__ | | INFO | [upstox_func.<module>:917] | No access token found. Generating new token...
2026-03-22 16:38:40,047 | __main__ | | INFO | [upstox_func.authorization:107] | Authorization initiated
2026-03-22 16:38:40,048 | __main__ | | INFO | [upstox_func.run_simple_server:96] | Local HTTP server listening on http://localhost:5000/callback...
2026-03-22 16:39:01,113 | __main__ | | INFO | [upstox_func.<module>:916] | No access token found. Generating new token...
2026-03-22 16:39:01,113 | __main__ | | INFO | [upstox_func.authorization:107] | Authorization initiated
2026-03-22 16:39:01,114 | __main__ | | INFO | [upstox_func.run_simple_server:96] | Local HTTP server listening on http://localhost:5000/callback...
2026-03-22 16:39:18,040 | __main__ | | INFO | [upstox_func.<module>:916] | No access token found. Generating new token...
2026-03-22 16:39:18,040 | __main__ | | INFO | [upstox_func.authorization:107] | Authorization initiated
2026-03-22 16:39:18,041 | __main__ | | INFO | [upstox_func.run_simple_server:96] | Local HTTP server listening on http://localhost:5000/callback...
2026-03-22 16:39:58,169 | __main__ | | INFO | [upstox_func.<module>:916] | No access token found. Generating new token...
2026-03-22 16:39:58,169 | __main__ | | INFO | [upstox_func.authorization:107] | Authorization initiated
2026-03-22 16:39:58,170 | __main__ | | INFO | [upstox_func.run_simple_server:96] | Local HTTP server listening on http://localhost:5000/callback...
2026-03-22 16:41:42,762 | __main__ | | INFO | [upstox_func.<module>:916] | No access token found. Generating new token...
2026-03-22 16:41:42,762 | __main__ | | INFO | [upstox_func.authorization:107] | Authorization initiated
2026-03-22 16:41:42,763 | __main__ | | INFO | [upstox_func.run_simple_server:96] | Local HTTP server listening on http://localhost:5000/callback...
2026-03-22 16:42:00,652 | __main__ | | INFO | [upstox_func.<module>:916] | No access token found. Generating new token...
2026-03-22 16:42:00,653 | __main__ | | INFO | [upstox_func.authorization:107] | Authorization initiated
2026-03-22 16:42:00,653 | __main__ | | INFO | [upstox_func.run_simple_server:96] | Local HTTP server listening on http://localhost:5000/callback...
2026-03-22 16:44:11,757 | __main__ | | INFO | [upstox_func.<module>:916] | No access token found. Generating new token...
2026-03-22 16:44:11,757 | __main__ | | INFO | [upstox_func.authorization:107] | Authorization initiated
2026-03-22 16:44:11,758 | __main__ | | INFO | [upstox_func.run_simple_server:96] | Local HTTP server listening on http://localhost:5000/callback...
2026-03-22 16:52:29,846 | __main__ | | INFO | [upstox_func.<module>:938] | No sandbox access token found. Generating new token...
2026-03-22 18:02:53,378 | core.upstox_func | | ERROR | [upstox_func.get_expiry:666] | Error while fetching expiries | Status code : 401 |
{"status":"error","errors":[{"errorCode":"UDAPI100050","message":"Invalid token used to access API","propertyPath":null,"invalidValue":null,"error_code":"UDAPI100050","property_path":null,"invalid_value":null}]}
2026-03-22 19:33:40,770 | core.upstox_func | | ERROR | [upstox_func.get_historical:292] | Empty Dataframe recieved for key : NSE_INDEX|Nifty 50 | from_date : 2024-12-26 | to_date : 2024-12-26 
Stack (most recent call last):
  File "/home/loki/Research/Algo/scripts/download_historical.py", line 159, in <module>
    download_data(args.spot, is_expired=is_expired)
  File "/home/loki/Research/Algo/scripts/download_historical.py", line 107, in download_data
    call_data = historical(
  File "/home/loki/Research/Algo/scripts/download_historical.py", line 31, in historical
    history = ustox.get_historical(
  File "/home/loki/Research/Algo/core/upstox_func.py", line 292, in get_historical
    logger.error(
2026-03-22 19:33:41,264 | core.upstox_func | | ERROR | [upstox_func.get_historical:292] | Empty Dataframe recieved for key : NSE_INDEX|Nifty 50 | from_date : 2024-12-26 | to_date : 2024-12-26 
Stack (most recent call last):
  File "/home/loki/Research/Algo/scripts/download_historical.py", line 159, in <module>
    download_data(args.spot, is_expired=is_expired)
  File "/home/loki/Research/Algo/scripts/download_historical.py", line 113, in download_data
    put_data = historical(
  File "/home/loki/Research/Algo/scripts/download_historical.py", line 31, in historical
    history = ustox.get_historical(
  File "/home/loki/Research/Algo/core/upstox_func.py", line 292, in get_historical
    logger.error(
